app/(tabs)/_layout.tsx(6,10): error TS2724: '"@/constants/theme"' has no exported member named 'Colors'. Did you mean 'COLORS'?
app/(tabs)/explore.tsx(10,10): error TS2305: Module '"@/constants/theme"' has no exported member 'Fonts'.
app/_layout.tsx(1,24): error TS1149: File name 'D:/project/learn_python/constants/Theme.ts' differs from already included file name 'D:/project/learn_python/constants/theme.ts' only in casing.
  The file is in the program because:
    Matched by include pattern '**/*.ts' in 'D:/project/learn_python/tsconfig.json'
    Imported via '@/constants/theme' from file 'D:/project/learn_python/hooks/use-theme-color.ts'
    Imported via '@/constants/Theme' from file 'D:/project/learn_python/app/_layout.tsx'
    Imported via '../../constants/Theme' from file 'D:/project/learn_python/components/ui/GradientBackground.tsx'
    Imported via '../../constants/Theme' from file 'D:/project/learn_python/components/ui/PrimaryButton.tsx'
    Imported via '@/constants/Theme' from file 'D:/project/learn_python/app/index.tsx'
    Imported via '@/constants/theme' from file 'D:/project/learn_python/app/(tabs)/_layout.tsx'
    Imported via '@/constants/theme' from file 'D:/project/learn_python/components/ui/collapsible.tsx'
    Imported via '@/constants/theme' from file 'D:/project/learn_python/app/(tabs)/explore.tsx'
    Imported via '@/constants/Theme' from file 'D:/project/learn_python/app/complete/index.tsx'
    Imported via '../../constants/Theme' from file 'D:/project/learn_python/components/ui/CodeCard.tsx'
    Imported via '@/constants/Theme' from file 'D:/project/learn_python/app/lesson/[lessonId].tsx'
    Imported via '@/constants/Theme' from file 'D:/project/learn_python/app/lessons/[levelId].tsx'
    Imported via '../../constants/Theme' from file 'D:/project/learn_python/components/ui/LevelCard.tsx'
    Imported via '@/constants/Theme' from file 'D:/project/learn_python/app/levels/index.tsx'
    Imported via '@/constants/Theme' from file 'D:/project/learn_python/app/quiz/[lessonId].tsx'
    Imported via '../../constants/Theme' from file 'D:/project/learn_python/components/ui/ProgressBar.tsx'
app/complete/index.tsx(3,33): error TS1149: File name 'D:/project/learn_python/constants/Theme.ts' differs from already included file name 'D:/project/learn_python/constants/theme.ts' only in casing.
  The file is in the program because:
    Matched by include pattern '**/*.ts' in 'D:/project/learn_python/tsconfig.json'
    Imported via '@/constants/theme' from file 'D:/project/learn_python/hooks/use-theme-color.ts'
    Imported via '@/constants/Theme' from file 'D:/project/learn_python/app/_layout.tsx'
    Imported via '../../constants/Theme' from file 'D:/project/learn_python/components/ui/GradientBackground.tsx'
    Imported via '../../constants/Theme' from file 'D:/project/learn_python/components/ui/PrimaryButton.tsx'
    Imported via '@/constants/Theme' from file 'D:/project/learn_python/app/index.tsx'
    Imported via '@/constants/theme' from file 'D:/project/learn_python/app/(tabs)/_layout.tsx'
    Imported via '@/constants/theme' from file 'D:/project/learn_python/components/ui/collapsible.tsx'
    Imported via '@/constants/theme' from file 'D:/project/learn_python/app/(tabs)/explore.tsx'
    Imported via '@/constants/Theme' from file 'D:/project/learn_python/app/complete/index.tsx'
    Imported via '../../constants/Theme' from file 'D:/project/learn_python/components/ui/CodeCard.tsx'
    Imported via '@/constants/Theme' from file 'D:/project/learn_python/app/lesson/[lessonId].tsx'
    Imported via '@/constants/Theme' from file 'D:/project/learn_python/app/lessons/[levelId].tsx'
    Imported via '../../constants/Theme' from file 'D:/project/learn_python/components/ui/LevelCard.tsx'
    Imported via '@/constants/Theme' from file 'D:/project/learn_python/app/levels/index.tsx'
    Imported via '@/constants/Theme' from file 'D:/project/learn_python/app/quiz/[lessonId].tsx'
    Imported via '../../constants/Theme' from file 'D:/project/learn_python/components/ui/ProgressBar.tsx'
app/complete/index.tsx(35,24): error TS2345: Argument of type '"/levels"' is not assignable to parameter of type 'RelativePathString | ExternalPathString | "/modal" | `/modal?${string}` | `/modal#${string}` | "/../components/ui/GradientBackground" | `/../components/ui/GradientBackground?${string}` | `/../components/ui/GradientBackground#${string}` | ... 58 more ... | { ...; }'.
app/index.tsx(3,33): error TS1149: File name 'D:/project/learn_python/constants/Theme.ts' differs from already included file name 'D:/project/learn_python/constants/theme.ts' only in casing.
  The file is in the program because:
    Matched by include pattern '**/*.ts' in 'D:/project/learn_python/tsconfig.json'
    Imported via '@/constants/theme' from file 'D:/project/learn_python/hooks/use-theme-color.ts'
    Imported via '@/constants/Theme' from file 'D:/project/learn_python/app/_layout.tsx'
    Imported via '../../constants/Theme' from file 'D:/project/learn_python/components/ui/GradientBackground.tsx'
    Imported via '../../constants/Theme' from file 'D:/project/learn_python/components/ui/PrimaryButton.tsx'
    Imported via '@/constants/Theme' from file 'D:/project/learn_python/app/index.tsx'
    Imported via '@/constants/theme' from file 'D:/project/learn_python/app/(tabs)/_layout.tsx'
    Imported via '@/constants/theme' from file 'D:/project/learn_python/components/ui/collapsible.tsx'
    Imported via '@/constants/theme' from file 'D:/project/learn_python/app/(tabs)/explore.tsx'
    Imported via '@/constants/Theme' from file 'D:/project/learn_python/app/complete/index.tsx'
    Imported via '../../constants/Theme' from file 'D:/project/learn_python/components/ui/CodeCard.tsx'
    Imported via '@/constants/Theme' from file 'D:/project/learn_python/app/lesson/[lessonId].tsx'
    Imported via '@/constants/Theme' from file 'D:/project/learn_python/app/lessons/[levelId].tsx'
    Imported via '../../constants/Theme' from file 'D:/project/learn_python/components/ui/LevelCard.tsx'
    Imported via '@/constants/Theme' from file 'D:/project/learn_python/app/levels/index.tsx'
    Imported via '@/constants/Theme' from file 'D:/project/learn_python/app/quiz/[lessonId].tsx'
    Imported via '../../constants/Theme' from file 'D:/project/learn_python/components/ui/ProgressBar.tsx'
app/index.tsx(13,21): error TS2345: Argument of type '"/levels"' is not assignable to parameter of type 'RelativePathString | ExternalPathString | "/modal" | `/modal?${string}` | `/modal#${string}` | "/../components/ui/GradientBackground" | `/../components/ui/GradientBackground?${string}` | `/../components/ui/GradientBackground#${string}` | ... 58 more ... | { ...; }'.
app/lesson/[lessonId].tsx(5,33): error TS1149: File name 'D:/project/learn_python/constants/Theme.ts' differs from already included file name 'D:/project/learn_python/constants/theme.ts' only in casing.
  The file is in the program because:
    Matched by include pattern '**/*.ts' in 'D:/project/learn_python/tsconfig.json'
    Imported via '@/constants/theme' from file 'D:/project/learn_python/hooks/use-theme-color.ts'
    Imported via '@/constants/Theme' from file 'D:/project/learn_python/app/_layout.tsx'
    Imported via '../../constants/Theme' from file 'D:/project/learn_python/components/ui/GradientBackground.tsx'
    Imported via '../../constants/Theme' from file 'D:/project/learn_python/components/ui/PrimaryButton.tsx'
    Imported via '@/constants/Theme' from file 'D:/project/learn_python/app/index.tsx'
    Imported via '@/constants/theme' from file 'D:/project/learn_python/app/(tabs)/_layout.tsx'
    Imported via '@/constants/theme' from file 'D:/project/learn_python/components/ui/collapsible.tsx'
    Imported via '@/constants/theme' from file 'D:/project/learn_python/app/(tabs)/explore.tsx'
    Imported via '@/constants/Theme' from file 'D:/project/learn_python/app/complete/index.tsx'
    Imported via '../../constants/Theme' from file 'D:/project/learn_python/components/ui/CodeCard.tsx'
    Imported via '@/constants/Theme' from file 'D:/project/learn_python/app/lesson/[lessonId].tsx'
    Imported via '@/constants/Theme' from file 'D:/project/learn_python/app/lessons/[levelId].tsx'
    Imported via '../../constants/Theme' from file 'D:/project/learn_python/components/ui/LevelCard.tsx'
    Imported via '@/constants/Theme' from file 'D:/project/learn_python/app/levels/index.tsx'
    Imported via '@/constants/Theme' from file 'D:/project/learn_python/app/quiz/[lessonId].tsx'
    Imported via '../../constants/Theme' from file 'D:/project/learn_python/components/ui/ProgressBar.tsx'
app/lesson/[lessonId].tsx(47,52): error TS2339: Property 'title' does not exist on type 'never'.
app/lesson/[lessonId].tsx(48,58): error TS2339: Property 'description' does not exist on type 'never'.
app/lesson/[lessonId].tsx(51,62): error TS2339: Property 'explanation' does not exist on type 'never'.
app/lesson/[lessonId].tsx(54,25): error TS2339: Property 'content' does not exist on type 'never'.
app/lesson/[lessonId].tsx(57,48): error TS2339: Property 'content' does not exist on type 'never'.
app/lesson/[lessonId].tsx(63,65): error TS2339: Property 'content' does not exist on type 'never'.
app/lesson/[lessonId].tsx(63,100): error TS2339: Property 'content' does not exist on type 'never'.
app/lessons/[levelId].tsx(3,41): error TS1149: File name 'D:/project/learn_python/constants/Theme.ts' differs from already included file name 'D:/project/learn_python/constants/theme.ts' only in casing.
  The file is in the program because:
    Matched by include pattern '**/*.ts' in 'D:/project/learn_python/tsconfig.json'
    Imported via '@/constants/theme' from file 'D:/project/learn_python/hooks/use-theme-color.ts'
    Imported via '@/constants/Theme' from file 'D:/project/learn_python/app/_layout.tsx'
    Imported via '../../constants/Theme' from file 'D:/project/learn_python/components/ui/GradientBackground.tsx'
    Imported via '../../constants/Theme' from file 'D:/project/learn_python/components/ui/PrimaryButton.tsx'
    Imported via '@/constants/Theme' from file 'D:/project/learn_python/app/index.tsx'
    Imported via '@/constants/theme' from file 'D:/project/learn_python/app/(tabs)/_layout.tsx'
    Imported via '@/constants/theme' from file 'D:/project/learn_python/components/ui/collapsible.tsx'
    Imported via '@/constants/theme' from file 'D:/project/learn_python/app/(tabs)/explore.tsx'
    Imported via '@/constants/Theme' from file 'D:/project/learn_python/app/complete/index.tsx'
    Imported via '../../constants/Theme' from file 'D:/project/learn_python/components/ui/CodeCard.tsx'
    Imported via '@/constants/Theme' from file 'D:/project/learn_python/app/lesson/[lessonId].tsx'
    Imported via '@/constants/Theme' from file 'D:/project/learn_python/app/lessons/[levelId].tsx'
    Imported via '../../constants/Theme' from file 'D:/project/learn_python/components/ui/LevelCard.tsx'
    Imported via '@/constants/Theme' from file 'D:/project/learn_python/app/levels/index.tsx'
    Imported via '@/constants/Theme' from file 'D:/project/learn_python/app/quiz/[lessonId].tsx'
    Imported via '../../constants/Theme' from file 'D:/project/learn_python/components/ui/ProgressBar.tsx'
app/lessons/[levelId].tsx(14,21): error TS7053: Element implicitly has an 'any' type because expression of type 'string' can't be used to index type '{ '1': ({ id: string; title: string; description: string; isCompleted: boolean; content: string; explanation: string; isQuiz?: undefined; } | { id: string; title: string; description: string; isCompleted: boolean; isQuiz: boolean; content?: undefined; explanation?: undefined; })[]; }'.
  No index signature with a parameter of type 'string' was found on type '{ '1': ({ id: string; title: string; description: string; isCompleted: boolean; content: string; explanation: string; isQuiz?: undefined; } | { id: string; title: string; description: string; isCompleted: boolean; isQuiz: boolean; content?: undefined; explanation?: undefined; })[]; }'.
app/lessons/[levelId].tsx(18,25): error TS2345: Argument of type '`/quiz/${string}`' is not assignable to parameter of type 'RelativePathString | ExternalPathString | "/modal" | `/modal?${string}` | `/modal#${string}` | "/../components/ui/GradientBackground" | `/../components/ui/GradientBackground?${string}` | `/../components/ui/GradientBackground#${string}` | ... 58 more ... | { ...; }'.
app/lessons/[levelId].tsx(20,25): error TS2345: Argument of type '`/lesson/${string}`' is not assignable to parameter of type 'RelativePathString | ExternalPathString | "/modal" | `/modal?${string}` | `/modal#${string}` | "/../components/ui/GradientBackground" | `/../components/ui/GradientBackground?${string}` | `/../components/ui/GradientBackground#${string}` | ... 58 more ... | { ...; }'.
app/levels/index.tsx(4,33): error TS1149: File name 'D:/project/learn_python/constants/Theme.ts' differs from already included file name 'D:/project/learn_python/constants/theme.ts' only in casing.
  The file is in the program because:
    Matched by include pattern '**/*.ts' in 'D:/project/learn_python/tsconfig.json'
    Imported via '@/constants/theme' from file 'D:/project/learn_python/hooks/use-theme-color.ts'
    Imported via '@/constants/Theme' from file 'D:/project/learn_python/app/_layout.tsx'
    Imported via '../../constants/Theme' from file 'D:/project/learn_python/components/ui/GradientBackground.tsx'
    Imported via '../../constants/Theme' from file 'D:/project/learn_python/components/ui/PrimaryButton.tsx'
    Imported via '@/constants/Theme' from file 'D:/project/learn_python/app/index.tsx'
    Imported via '@/constants/theme' from file 'D:/project/learn_python/app/(tabs)/_layout.tsx'
    Imported via '@/constants/theme' from file 'D:/project/learn_python/components/ui/collapsible.tsx'
    Imported via '@/constants/theme' from file 'D:/project/learn_python/app/(tabs)/explore.tsx'
    Imported via '@/constants/Theme' from file 'D:/project/learn_python/app/complete/index.tsx'
    Imported via '../../constants/Theme' from file 'D:/project/learn_python/components/ui/CodeCard.tsx'
    Imported via '@/constants/Theme' from file 'D:/project/learn_python/app/lesson/[lessonId].tsx'
    Imported via '@/constants/Theme' from file 'D:/project/learn_python/app/lessons/[levelId].tsx'
    Imported via '../../constants/Theme' from file 'D:/project/learn_python/components/ui/LevelCard.tsx'
    Imported via '@/constants/Theme' from file 'D:/project/learn_python/app/levels/index.tsx'
    Imported via '@/constants/Theme' from file 'D:/project/learn_python/app/quiz/[lessonId].tsx'
    Imported via '../../constants/Theme' from file 'D:/project/learn_python/components/ui/ProgressBar.tsx'
app/quiz/[lessonId].tsx(4,41): error TS1149: File name 'D:/project/learn_python/constants/Theme.ts' differs from already included file name 'D:/project/learn_python/constants/theme.ts' only in casing.
  The file is in the program because:
    Matched by include pattern '**/*.ts' in 'D:/project/learn_python/tsconfig.json'
    Imported via '@/constants/theme' from file 'D:/project/learn_python/hooks/use-theme-color.ts'
    Imported via '@/constants/Theme' from file 'D:/project/learn_python/app/_layout.tsx'
    Imported via '../../constants/Theme' from file 'D:/project/learn_python/components/ui/GradientBackground.tsx'
    Imported via '../../constants/Theme' from file 'D:/project/learn_python/components/ui/PrimaryButton.tsx'
    Imported via '@/constants/Theme' from file 'D:/project/learn_python/app/index.tsx'
    Imported via '@/constants/theme' from file 'D:/project/learn_python/app/(tabs)/_layout.tsx'
    Imported via '@/constants/theme' from file 'D:/project/learn_python/components/ui/collapsible.tsx'
    Imported via '@/constants/theme' from file 'D:/project/learn_python/app/(tabs)/explore.tsx'
    Imported via '@/constants/Theme' from file 'D:/project/learn_python/app/complete/index.tsx'
    Imported via '../../constants/Theme' from file 'D:/project/learn_python/components/ui/CodeCard.tsx'
    Imported via '@/constants/Theme' from file 'D:/project/learn_python/app/lesson/[lessonId].tsx'
    Imported via '@/constants/Theme' from file 'D:/project/learn_python/app/lessons/[levelId].tsx'
    Imported via '../../constants/Theme' from file 'D:/project/learn_python/components/ui/LevelCard.tsx'
    Imported via '@/constants/Theme' from file 'D:/project/learn_python/app/levels/index.tsx'
    Imported via '@/constants/Theme' from file 'D:/project/learn_python/app/quiz/[lessonId].tsx'
    Imported via '../../constants/Theme' from file 'D:/project/learn_python/components/ui/ProgressBar.tsx'
app/quiz/[lessonId].tsx(14,23): error TS7053: Element implicitly has an 'any' type because expression of type 'string' can't be used to index type '{ 'l1-5': { question: string; options: string[]; correctIndex: number; }[]; }'.
  No index signature with a parameter of type 'string' was found on type '{ 'l1-5': { question: string; options: string[]; correctIndex: number; }[]; }'.
app/quiz/[lessonId].tsx(41,25): error TS2345: Argument of type '"/complete"' is not assignable to parameter of type 'RelativePathString | ExternalPathString | "/modal" | `/modal?${string}` | `/modal#${string}` | "/../components/ui/GradientBackground" | `/../components/ui/GradientBackground?${string}` | `/../components/ui/GradientBackground#${string}` | ... 58 more ... | { ...; }'.
app/quiz/[lessonId].tsx(68,51): error TS7006: Parameter 'option' implicitly has an 'any' type.
app/quiz/[lessonId].tsx(68,59): error TS7006: Parameter 'index' implicitly has an 'any' type.
components/ui/CodeCard.tsx(3,41): error TS1149: File name 'D:/project/learn_python/constants/Theme.ts' differs from already included file name 'D:/project/learn_python/constants/theme.ts' only in casing.
  The file is in the program because:
    Matched by include pattern '**/*.ts' in 'D:/project/learn_python/tsconfig.json'
    Imported via '@/constants/theme' from file 'D:/project/learn_python/hooks/use-theme-color.ts'
    Imported via '@/constants/Theme' from file 'D:/project/learn_python/app/_layout.tsx'
    Imported via '../../constants/Theme' from file 'D:/project/learn_python/components/ui/GradientBackground.tsx'
    Imported via '../../constants/Theme' from file 'D:/project/learn_python/components/ui/PrimaryButton.tsx'
    Imported via '@/constants/Theme' from file 'D:/project/learn_python/app/index.tsx'
    Imported via '@/constants/theme' from file 'D:/project/learn_python/app/(tabs)/_layout.tsx'
    Imported via '@/constants/theme' from file 'D:/project/learn_python/components/ui/collapsible.tsx'
    Imported via '@/constants/theme' from file 'D:/project/learn_python/app/(tabs)/explore.tsx'
    Imported via '@/constants/Theme' from file 'D:/project/learn_python/app/complete/index.tsx'
    Imported via '../../constants/Theme' from file 'D:/project/learn_python/components/ui/CodeCard.tsx'
    Imported via '@/constants/Theme' from file 'D:/project/learn_python/app/lesson/[lessonId].tsx'
    Imported via '@/constants/Theme' from file 'D:/project/learn_python/app/lessons/[levelId].tsx'
    Imported via '../../constants/Theme' from file 'D:/project/learn_python/components/ui/LevelCard.tsx'
    Imported via '@/constants/Theme' from file 'D:/project/learn_python/app/levels/index.tsx'
    Imported via '@/constants/Theme' from file 'D:/project/learn_python/app/quiz/[lessonId].tsx'
    Imported via '../../constants/Theme' from file 'D:/project/learn_python/components/ui/ProgressBar.tsx'
components/ui/collapsible.tsx(7,10): error TS2724: '"@/constants/theme"' has no exported member named 'Colors'. Did you mean 'COLORS'?
components/ui/GradientBackground.tsx(5,24): error TS1149: File name 'D:/project/learn_python/constants/Theme.ts' differs from already included file name 'D:/project/learn_python/constants/theme.ts' only in casing.
  The file is in the program because:
    Matched by include pattern '**/*.ts' in 'D:/project/learn_python/tsconfig.json'
    Imported via '@/constants/theme' from file 'D:/project/learn_python/hooks/use-theme-color.ts'
    Imported via '@/constants/Theme' from file 'D:/project/learn_python/app/_layout.tsx'
    Imported via '../../constants/Theme' from file 'D:/project/learn_python/components/ui/GradientBackground.tsx'
    Imported via '../../constants/Theme' from file 'D:/project/learn_python/components/ui/PrimaryButton.tsx'
    Imported via '@/constants/Theme' from file 'D:/project/learn_python/app/index.tsx'
    Imported via '@/constants/theme' from file 'D:/project/learn_python/app/(tabs)/_layout.tsx'
    Imported via '@/constants/theme' from file 'D:/project/learn_python/components/ui/collapsible.tsx'
    Imported via '@/constants/theme' from file 'D:/project/learn_python/app/(tabs)/explore.tsx'
    Imported via '@/constants/Theme' from file 'D:/project/learn_python/app/complete/index.tsx'
    Imported via '../../constants/Theme' from file 'D:/project/learn_python/components/ui/CodeCard.tsx'
    Imported via '@/constants/Theme' from file 'D:/project/learn_python/app/lesson/[lessonId].tsx'
    Imported via '@/constants/Theme' from file 'D:/project/learn_python/app/lessons/[levelId].tsx'
    Imported via '../../constants/Theme' from file 'D:/project/learn_python/components/ui/LevelCard.tsx'
    Imported via '@/constants/Theme' from file 'D:/project/learn_python/app/levels/index.tsx'
    Imported via '@/constants/Theme' from file 'D:/project/learn_python/app/quiz/[lessonId].tsx'
    Imported via '../../constants/Theme' from file 'D:/project/learn_python/components/ui/ProgressBar.tsx'
components/ui/GradientBackground.tsx(19,35): error TS2551: Property 'absoluteFillEvent' does not exist on type 'typeof StyleSheet'. Did you mean 'absoluteFill'?
components/ui/LevelCard.tsx(5,41): error TS1149: File name 'D:/project/learn_python/constants/Theme.ts' differs from already included file name 'D:/project/learn_python/constants/theme.ts' only in casing.
  The file is in the program because:
    Matched by include pattern '**/*.ts' in 'D:/project/learn_python/tsconfig.json'
    Imported via '@/constants/theme' from file 'D:/project/learn_python/hooks/use-theme-color.ts'
    Imported via '@/constants/Theme' from file 'D:/project/learn_python/app/_layout.tsx'
    Imported via '../../constants/Theme' from file 'D:/project/learn_python/components/ui/GradientBackground.tsx'
    Imported via '../../constants/Theme' from file 'D:/project/learn_python/components/ui/PrimaryButton.tsx'
    Imported via '@/constants/Theme' from file 'D:/project/learn_python/app/index.tsx'
    Imported via '@/constants/theme' from file 'D:/project/learn_python/app/(tabs)/_layout.tsx'
    Imported via '@/constants/theme' from file 'D:/project/learn_python/components/ui/collapsible.tsx'
    Imported via '@/constants/theme' from file 'D:/project/learn_python/app/(tabs)/explore.tsx'
    Imported via '@/constants/Theme' from file 'D:/project/learn_python/app/complete/index.tsx'
    Imported via '../../constants/Theme' from file 'D:/project/learn_python/components/ui/CodeCard.tsx'
    Imported via '@/constants/Theme' from file 'D:/project/learn_python/app/lesson/[lessonId].tsx'
    Imported via '@/constants/Theme' from file 'D:/project/learn_python/app/lessons/[levelId].tsx'
    Imported via '../../constants/Theme' from file 'D:/project/learn_python/components/ui/LevelCard.tsx'
    Imported via '@/constants/Theme' from file 'D:/project/learn_python/app/levels/index.tsx'
    Imported via '@/constants/Theme' from file 'D:/project/learn_python/app/quiz/[lessonId].tsx'
    Imported via '../../constants/Theme' from file 'D:/project/learn_python/components/ui/ProgressBar.tsx'
components/ui/PrimaryButton.tsx(4,41): error TS1149: File name 'D:/project/learn_python/constants/Theme.ts' differs from already included file name 'D:/project/learn_python/constants/theme.ts' only in casing.
  The file is in the program because:
    Matched by include pattern '**/*.ts' in 'D:/project/learn_python/tsconfig.json'
    Imported via '@/constants/theme' from file 'D:/project/learn_python/hooks/use-theme-color.ts'
    Imported via '@/constants/Theme' from file 'D:/project/learn_python/app/_layout.tsx'
    Imported via '../../constants/Theme' from file 'D:/project/learn_python/components/ui/GradientBackground.tsx'
    Imported via '../../constants/Theme' from file 'D:/project/learn_python/components/ui/PrimaryButton.tsx'
    Imported via '@/constants/Theme' from file 'D:/project/learn_python/app/index.tsx'
    Imported via '@/constants/theme' from file 'D:/project/learn_python/app/(tabs)/_layout.tsx'
    Imported via '@/constants/theme' from file 'D:/project/learn_python/components/ui/collapsible.tsx'
    Imported via '@/constants/theme' from file 'D:/project/learn_python/app/(tabs)/explore.tsx'
    Imported via '@/constants/Theme' from file 'D:/project/learn_python/app/complete/index.tsx'
    Imported via '../../constants/Theme' from file 'D:/project/learn_python/components/ui/CodeCard.tsx'
    Imported via '@/constants/Theme' from file 'D:/project/learn_python/app/lesson/[lessonId].tsx'
    Imported via '@/constants/Theme' from file 'D:/project/learn_python/app/lessons/[levelId].tsx'
    Imported via '../../constants/Theme' from file 'D:/project/learn_python/components/ui/LevelCard.tsx'
    Imported via '@/constants/Theme' from file 'D:/project/learn_python/app/levels/index.tsx'
    Imported via '@/constants/Theme' from file 'D:/project/learn_python/app/quiz/[lessonId].tsx'
    Imported via '../../constants/Theme' from file 'D:/project/learn_python/components/ui/ProgressBar.tsx'
components/ui/ProgressBar.tsx(3,32): error TS1149: File name 'D:/project/learn_python/constants/Theme.ts' differs from already included file name 'D:/project/learn_python/constants/theme.ts' only in casing.
  The file is in the program because:
    Matched by include pattern '**/*.ts' in 'D:/project/learn_python/tsconfig.json'
    Imported via '@/constants/theme' from file 'D:/project/learn_python/hooks/use-theme-color.ts'
    Imported via '@/constants/Theme' from file 'D:/project/learn_python/app/_layout.tsx'
    Imported via '../../constants/Theme' from file 'D:/project/learn_python/components/ui/GradientBackground.tsx'
    Imported via '../../constants/Theme' from file 'D:/project/learn_python/components/ui/PrimaryButton.tsx'
    Imported via '@/constants/Theme' from file 'D:/project/learn_python/app/index.tsx'
    Imported via '@/constants/theme' from file 'D:/project/learn_python/app/(tabs)/_layout.tsx'
    Imported via '@/constants/theme' from file 'D:/project/learn_python/components/ui/collapsible.tsx'
    Imported via '@/constants/theme' from file 'D:/project/learn_python/app/(tabs)/explore.tsx'
    Imported via '@/constants/Theme' from file 'D:/project/learn_python/app/complete/index.tsx'
    Imported via '../../constants/Theme' from file 'D:/project/learn_python/components/ui/CodeCard.tsx'
    Imported via '@/constants/Theme' from file 'D:/project/learn_python/app/lesson/[lessonId].tsx'
    Imported via '@/constants/Theme' from file 'D:/project/learn_python/app/lessons/[levelId].tsx'
    Imported via '../../constants/Theme' from file 'D:/project/learn_python/components/ui/LevelCard.tsx'
    Imported via '@/constants/Theme' from file 'D:/project/learn_python/app/levels/index.tsx'
    Imported via '@/constants/Theme' from file 'D:/project/learn_python/app/quiz/[lessonId].tsx'
    Imported via '../../constants/Theme' from file 'D:/project/learn_python/components/ui/ProgressBar.tsx'
hooks/use-theme-color.ts(6,10): error TS2724: '"@/constants/theme"' has no exported member named 'Colors'. Did you mean 'COLORS'?
